=== segment file: pfx-<id1>.log ===
    segment_id: <id1>
    session_id: <id1>
    max_size:   61
    remaining:  0
    format:     Fixed(8)
    sequence:   0
    #1 12345 (8 bytes)

=== segment file: pfx-<id2>.log ===
    segment_id: <id2>
    session_id: <id1>
    max_size:   61
    remaining:  0
    format:     Fixed(8)
    sequence:   2
    -- 1 missing segment file(s); resynchronizing --
    #3 12345 (8 bytes)

=== segment file: pfx-<id3>.log ===
    segment_id: <id3>
    session_id: <id1>
    max_size:   61
    remaining:  0
    format:     Fixed(8)
    sequence:   3
    #4 12345 (8 bytes)

read 3 message(s) across 3 file(s)
1 segment file(s) lost
