=== segment file: pfx-<id1>.log ===
    segment_id: <id1>
    session_id: <id1>
    max_size:   63
    remaining:  0
    format:     VariableSimple
    sequence:   0

=== segment file: pfx-<id2>.log ===
    segment_id: <id2>
    session_id: <id1>
    max_size:   63
    remaining:  12
    format:     VariableSimple
    sequence:   2
    #1 123 (6 bytes recovered, rest of record lost)
    -- 1 missing segment file(s); resynchronizing --

=== segment file: pfx-<id3>.log ===
    segment_id: <id3>
    session_id: <id1>
    max_size:   63
    remaining:  2
    format:     VariableSimple
    sequence:   3
    #2 123456789 (12 bytes)

=== segment file: pfx-<id4>.log ===
    segment_id: <id4>
    session_id: <id1>
    max_size:   63
    remaining:  8
    format:     VariableSimple
    sequence:   4
    #3 123456789 (12 bytes)

=== segment file: pfx-<id5>.log ===
    segment_id: <id5>
    session_id: <id1>
    max_size:   63
    remaining:  14
    format:     VariableSimple
    sequence:   5

=== segment file: pfx-<id6>.log ===
    segment_id: <id6>
    session_id: <id1>
    max_size:   63
    remaining:  4
    format:     VariableSimple
    sequence:   6
    #4 123456789 (12 bytes)

=== segment file: pfx-<id7>.log ===
    segment_id: <id7>
    session_id: <id1>
    max_size:   63
    remaining:  10
    format:     VariableSimple
    sequence:   7
    #5 123456789 (12 bytes)

read 5 message(s) across 7 file(s)
1 segment file(s) lost
