=== segment file: pfx-<id1>.log ===
    segment_id: <id1>
    session_id: <id1>
    max_size:   93
    remaining:  0
    format:     VariableSimple
    sequence:   0
    23 31 20 31 32 33 34 35 (8 bytes)
    23 32 20 31 32 33 34 35 (8 bytes)
    23 33 20 31 32 33 34 35 (8 bytes)

=== segment file: pfx-<id2>.log ===
    segment_id: <id2>
    session_id: <id1>
    max_size:   93
    remaining:  8
    format:     VariableSimple
    sequence:   1
    23 34 20 31 32 33 34 35 (8 bytes)
    23 35 20 31 32 33 34 35 (8 bytes)
    23 36 20 31 32 33 34 35 (8 bytes)

--- End of Session---

=== segment file: pfx-<id3>.log ===
    segment_id: <id3>
    session_id: <id4>
    max_size:   93
    remaining:  8
    format:     VariableSimple
    sequence:   1
    -- 1 missing segment file(s); resynchronizing --
    23 35 20 31 32 33 34 35 (8 bytes)
    23 36 20 31 32 33 34 35 (8 bytes)

--- End of Session---

=== segment file: pfx-<id5>.log ===
    segment_id: <id5>
    session_id: <id5>
    max_size:   93
    remaining:  0
    format:     VariableSimple
    sequence:   0
    23 31 20 31 32 33 34 35 (8 bytes)
    23 32 20 31 32 33 34 35 (8 bytes)
    23 33 20 31 32 33 34 35 (8 bytes)

=== segment file: pfx-<id6>.log ===
    segment_id: <id6>
    session_id: <id5>
    max_size:   93
    remaining:  8
    format:     VariableSimple
    sequence:   1
    23 34 20 31 32 33 34 35 (8 bytes)
    23 35 20 31 32 33 34 35 (8 bytes)
    23 36 20 31 32 33 34 35 (8 bytes)

read 14 message(s) across 5 file(s)
1 segment file(s) lost
