=== segment file: pfx-<id1>.log ===
    segment_id: <id1>
    session_id: <id1>
    max_size:   77
    remaining:  0
    format:     VariableTsRc
    sequence:   0

=== segment file: pfx-<id2>.log ===
    segment_id: <id2>
    session_id: <id1>
    max_size:   77
    remaining:  6
    format:     VariableTsRc
    sequence:   1
    #1 1234567 (10 bytes, ts=<ts>, rc=1)

=== segment file: pfx-<id3>.log ===
    segment_id: <id3>
    session_id: <id1>
    max_size:   77
    remaining:  12
    format:     VariableTsRc
    sequence:   2
    -- corrupted or truncated segment file; resynchronizing --

=== segment file: pfx-<id4>.log ===
    segment_id: <id4>
    session_id: <id1>
    max_size:   77
    remaining:  18
    format:     VariableTsRc
    sequence:   3
    #3 1234567 (10 bytes, ts=<ts>, rc=3)

=== segment file: pfx-<id5>.log ===
    segment_id: <id5>
    session_id: <id1>
    max_size:   77
    remaining:  24
    format:     VariableTsRc
    sequence:   4
    #4 1234567 (10 bytes, ts=<ts>, rc=4)

=== segment file: pfx-<id6>.log ===
    segment_id: <id6>
    session_id: <id1>
    max_size:   77
    remaining:  0
    format:     VariableTsRc
    sequence:   5

=== segment file: pfx-<id7>.log ===
    segment_id: <id7>
    session_id: <id1>
    max_size:   77
    remaining:  6
    format:     VariableTsRc
    sequence:   6
    #5 1234567 (10 bytes, ts=<ts>, rc=5)

=== segment file: pfx-<id8>.log ===
    segment_id: <id8>
    session_id: <id1>
    max_size:   77
    remaining:  12
    format:     VariableTsRc
    sequence:   7
    #6 1234567 (10 bytes, ts=<ts>, rc=6)

read 5 message(s) across 8 file(s)
