=== segment file: pfx-<id1>.log ===
    segment_id: <id1>
    session_id: <id1>
    max_size:   73
    remaining:  0
    format:     VariableSimple
    sequence:   0
    23 31 20 31 32 33 (6 bytes)
    23 32 20 31 32 33 (6 bytes)

=== segment file: pfx-<id2>.log ===
    segment_id: <id2>
    session_id: <id1>
    max_size:   73
    remaining:  0
    format:     VariableSimple
    sequence:   1
    23 33 20 31 32 33 (6 bytes)
    23 34 20 31 32 33 (6 bytes)

=== segment file: pfx-<id3>.log ===
    segment_id: <id3>
    session_id: <id1>
    max_size:   73
    remaining:  0
    format:     VariableSimple
    sequence:   3
    -- 1 missing segment file(s); resynchronizing --
    23 37 20 31 32 33 (6 bytes)
    23 38 20 31 32 33 (6 bytes)

read 6 message(s) across 3 file(s)
1 segment file(s) lost
