    #5 1234567 (10 bytes, ts=<ts>, rc=5)
    #6 123 (6 bytes, ts=<ts>, rc=6)
    #7  (3 bytes, ts=<ts>, rc=7)
    #8 12 (5 bytes, ts=<ts>, rc=8)
    #9 (2 bytes, ts=<ts>, rc=9)
    #10  (4 bytes, ts=<ts>, rc=10)
    #11 1234 (8 bytes, ts=<ts>, rc=11)
    #12 12 (6 bytes, ts=<ts>, rc=12)
    #13 12345 (9 bytes, ts=<ts>, rc=13)
    #14 123 (7 bytes, ts=<ts>, rc=14)
    #15 12345 (9 bytes, ts=<ts>, rc=15)
    #16 123 (7 bytes, ts=<ts>, rc=16)
     (0 bytes, ts=<ts>, rc=17)
    #18 12 (6 bytes, ts=<ts>, rc=18)
    #19 123456 (10 bytes, ts=<ts>, rc=19)
    #20 12345 (9 bytes, ts=<ts>, rc=20)
