=== segment file: pfx-<id1>.log ===
    segment_id: <id1>
    session_id: <id2>
    max_size:   74
    remaining:  2
    format:     VariableTsRc
    sequence:   1
    -- 1 missing segment file(s); resynchronizing --

=== segment file: pfx-<id3>.log ===
    segment_id: <id3>
    session_id: <id2>
    max_size:   74
    remaining:  23
    format:     VariableTsRc
    sequence:   4
    -- 2 missing segment file(s); resynchronizing --

=== segment file: pfx-<id4>.log ===
    segment_id: <id4>
    session_id: <id2>
    max_size:   74
    remaining:  2
    format:     VariableTsRc
    sequence:   5

=== segment file: pfx-<id5>.log ===
    segment_id: <id5>
    session_id: <id2>
    max_size:   74
    remaining:  11
    format:     VariableTsRc
    sequence:   6
    #5 1234567 (10 bytes, ts=<ts>, rc=5)

=== segment file: pfx-<id6>.log ===
    segment_id: <id6>
    session_id: <id2>
    max_size:   74
    remaining:  16
    format:     VariableTsRc
    sequence:   7
    #6 123 (6 bytes, ts=<ts>, rc=6)

=== segment file: pfx-<id7>.log ===
    segment_id: <id7>
    session_id: <id2>
    max_size:   74
    remaining:  18
    format:     VariableTsRc
    sequence:   8
    #7  (3 bytes, ts=<ts>, rc=7)

=== segment file: pfx-<id8>.log ===
    segment_id: <id8>
    session_id: <id2>
    max_size:   74
    remaining:  22
    format:     VariableTsRc
    sequence:   9

=== segment file: pfx-<id9>.log ===
    segment_id: <id9>
    session_id: <id2>
    max_size:   74
    remaining:  1
    format:     VariableTsRc
    sequence:   10
    #8 12 (5 bytes, ts=<ts>, rc=8)

=== segment file: pfx-<id10>.log ===
    segment_id: <id10>
    session_id: <id2>
    max_size:   74
    remaining:  2
    format:     VariableTsRc
    sequence:   11
    #9 (2 bytes, ts=<ts>, rc=9)

=== segment file: pfx-<id11>.log ===
    segment_id: <id11>
    session_id: <id2>
    max_size:   74
    remaining:  5
    format:     VariableTsRc
    sequence:   12
    #10  (4 bytes, ts=<ts>, rc=10)

=== segment file: pfx-<id12>.log ===
    segment_id: <id12>
    session_id: <id2>
    max_size:   74
    remaining:  12
    format:     VariableTsRc
    sequence:   13
    #11 1234 (8 bytes, ts=<ts>, rc=11)

=== segment file: pfx-<id13>.log ===
    segment_id: <id13>
    session_id: <id2>
    max_size:   74
    remaining:  17
    format:     VariableTsRc
    sequence:   14
    #12 12 (6 bytes, ts=<ts>, rc=12)

=== segment file: pfx-<id14>.log ===
    segment_id: <id14>
    session_id: <id2>
    max_size:   74
    remaining:  25
    format:     VariableTsRc
    sequence:   15

=== segment file: pfx-<id15>.log ===
    segment_id: <id15>
    session_id: <id2>
    max_size:   74
    remaining:  4
    format:     VariableTsRc
    sequence:   16
    #13 12345 (9 bytes, ts=<ts>, rc=13)

=== segment file: pfx-<id16>.log ===
    segment_id: <id16>
    session_id: <id2>
    max_size:   74
    remaining:  10
    format:     VariableTsRc
    sequence:   17
    #14 123 (7 bytes, ts=<ts>, rc=14)

=== segment file: pfx-<id17>.log ===
    segment_id: <id17>
    session_id: <id2>
    max_size:   74
    remaining:  18
    format:     VariableTsRc
    sequence:   18
    #15 12345 (9 bytes, ts=<ts>, rc=15)

=== segment file: pfx-<id18>.log ===
    segment_id: <id18>
    session_id: <id2>
    max_size:   74
    remaining:  24
    format:     VariableTsRc
    sequence:   19

=== segment file: pfx-<id19>.log ===
    segment_id: <id19>
    session_id: <id2>
    max_size:   74
    remaining:  3
    format:     VariableTsRc
    sequence:   20
    #16 123 (7 bytes, ts=<ts>, rc=16)

=== segment file: pfx-<id20>.log ===
    segment_id: <id20>
    session_id: <id2>
    max_size:   74
    remaining:  2
    format:     VariableTsRc
    sequence:   21
     (0 bytes, ts=<ts>, rc=17)

=== segment file: pfx-<id21>.log ===
    segment_id: <id21>
    session_id: <id2>
    max_size:   74
    remaining:  7
    format:     VariableTsRc
    sequence:   22
    #18 12 (6 bytes, ts=<ts>, rc=18)

=== segment file: pfx-<id22>.log ===
    segment_id: <id22>
    session_id: <id2>
    max_size:   74
    remaining:  16
    format:     VariableTsRc
    sequence:   23
    #19 123456 (10 bytes, ts=<ts>, rc=19)

=== segment file: pfx-<id23>.log ===
    segment_id: <id23>
    session_id: <id2>
    max_size:   74
    remaining:  24
    format:     VariableTsRc
    sequence:   24

=== segment file: pfx-<id24>.log ===
    segment_id: <id24>
    session_id: <id2>
    max_size:   74
    remaining:  3
    format:     VariableTsRc
    sequence:   25
    #20 12345 (9 bytes, ts=<ts>, rc=20)

read 16 message(s) across 23 file(s)
3 segment file(s) lost
